C:\Users\itsme\OneDrive\Desktop\python\leetcode8.py
C:\Users\itsme\OneDrive\Desktop\python\for .py
C:\Users\itsme\OneDrive\Desktop\python\sanwitch.py
C:\Users\itsme\OneDrive\Desktop\python\bitwise1.py
C:\Users\itsme\OneDrive\Desktop\python\bitwise.py
C:\Users\itsme\OneDrive\Desktop\python\filehandling.py
C:\Users\itsme\OneDrive\Desktop\python\file handling.py
C:\Users\itsme\OneDrive\Desktop\python\name.txt
C:\Users\itsme\OneDrive\Desktop\python\text.txt
C:\Users\itsme\OneDrive\Desktop\python\pp.py
C:\Users\itsme\OneDrive\Desktop\python\leetcode7.py
C:\Users\itsme\OneDrive\Desktop\python\random.py
C:\Users\itsme\OneDrive\Desktop\python\practice1.py
C:\Users\itsme\OneDrive\Desktop\python\parrot.py
C:\Users\itsme\OneDrive\Desktop\python\soerg.py
C:\Users\itsme\OneDrive\Desktop\python\oo.py
C:\Users\itsme\OneDrive\Desktop\python\finalres.py
C:\Users\itsme\OneDrive\Desktop\python\practicec.py
C:\Users\itsme\OneDrive\Desktop\python\wealth.py
C:\Users\itsme\OneDrive\Desktop\python\pra.py
C:\Users\itsme\OneDrive\Desktop\python\employee details.py
